HI-TECH Software C Compiler 

Linker command line:

\
  --edf=C:\Program Files (x86)\HI-TECH Software\PICC-18\PRO\9.63\dat\en_msgs.txt \
  -cs -h+pic6.sym -z -Q18F4580 -ol.obj -Mpic6.map -E1 -ACODE=00h-07FFFh \
  -ACONST=00h-07FFFh -ASMALLCONST=0600h-06FFhx122 \
  -AMEDIUMCONST=0600h-07FFFh -ARAM=00h-0FFhx6 -ABIGRAM=00h-05FFh \
  -ACOMRAM=00h-05Fh -AABS1=00h-05FFh -ABANK0=00h-0FFh -ABANK1=0100h-01FFh \
  -ABANK2=0200h-02FFh -ABANK3=0300h-03FFh -ABANK4=0400h-04FFh \
  -ABANK5=0500h-05FFh -ANVRAM=0500h-05FFh \
  -preset_vec=00h,intcode,intcodelo,powerup,init,end_init -pramtop=0600h \
  -psmallconst=SMALLCONST -pmediumconst=MEDIUMCONST -pconst=CONST \
  -pparam0=BANK0 -AFARRAM=00h-00h -ACONFIG=0300000h-030000Dh \
  -pconfig=CONFIG -AIDLOC=0200000h-0200007h -pidloc=IDLOC \
  -AEEDATA=0F00000h-0F000FFh -peeprom_data=EEDATA \
  -prdata=COMRAM,nvrram=COMRAM,nvbit=COMRAM,rbss=COMRAM,rbit=COMRAM \
  -pfarbss=FARRAM,fardata=FARRAM \
  -pintsave_regs=BIGRAM,bigbss=BIGRAM,bigdata=BIGRAM -pbss=RAM \
  -pidata=CODE,irdata=CODE,ibigdata=CODE,ifardata=CODE startup.obj pic6.obj 

Object code version is 3.10

Machine type is 18F4580

Call graph: (short form)

*_main size 0,0 offset 0
*    _delay size 0,4 offset 0

Estimated maximum call depth: 1


                Name          Link     Load   Length Selector Space Scale
startup.obj     init             0        0        4       0     0
pic6.obj        text0         7F4A     7F4A       24    3FA5     0
                text1         7F6E     7F6E       92    3FB7     0

COMMON          param0          FC       FC        4      FC     1

TOTAL           Name          Link     Load   Length  Space
        CLASS   CODE           
                init             0        0        4     0
                text0         7F4A     7F4A       24     0
                text1         7F6E     7F6E       92     0

        CLASS   CONST          

        CLASS   SMALLCONST     

        CLASS   MEDIUMCONST    

        CLASS   RAM            

        CLASS   BIGRAM         

        CLASS   COMRAM         

        CLASS   ABS1           

        CLASS   BANK0          
                param0          FC       FC        4     1

        CLASS   BANK1          

        CLASS   BANK2          

        CLASS   BANK3          

        CLASS   BANK4          

        CLASS   BANK5          

        CLASS   NVRAM          

        CLASS   FARRAM         

        CLASS   CONFIG         

        CLASS   IDLOC          

        CLASS   EEDATA         



SEGMENTS        Name           Load    Length   Top     Selector    Space Class

                reset_vec       000000  000004  000004         0       0  CODE    
                param0          0000FC  000004  000100        FC       1  BANK0   
                text0           007F4A  000024  007F6E      3FA5       0  CODE    
                text1           007F6E  000092  008000      3FB7       0  CODE    


UNUSED ADDRESS RANGES

        BANK0            000000-0000FB
        BANK1            000100-0001FF
        BANK2            000200-0002FF
        BANK3            000300-0003FF
        BANK4            000400-0004FF
        BANK5            000500-0005FF
        BIGRAM           000000-0000FB
                         000100-0005FF
        CODE             000004-007F49
        COMRAM           000000-00005F
        CONFIG           300000-30000D
        CONST            000004-007F49
        EEDATA           F00000-F000FF
        IDLOC            200000-200007
        MEDIUMCONST      000600-007F49
        NVRAM            000500-0005FF
        RAM              000000-0000FB
                         000100-0005FF
        SMALLCONST       000600-007F49

                                  Symbol Table

??_delay        param0       0000FC  ??_main         param0       0000FC
?_delay         param0       0000FC  ?_main          param0       0000FC
_LATD           (abs)        000F8C  _RC0            (abs)        007C10
_TRISC          (abs)        000F94  _TRISD          (abs)        000F95
__HRAM          (abs)        000000  __Hbigbss       bigbss       000100
__Hbigdata      bigdata      000100  __Hbss          bss          000000
__Hclrtext      clrtext      000004  __Hconfig       config       300000
__Hconst        const        000004  __Hdata         data         000004
__Heeprom_data  eeprom_data  F00000  __Hend_init     end_init     000004
__Hfarbss       farbss       000000  __Hfardata      fardata      000000
__Hibigdata     ibigdata     000004  __Hidata        idata        000004
__Hidloc        idloc        200000  __Hifardata     ifardata     000004
__Hinit         init         000004  __Hintcode      intcode      000000
__Hintcodelo    intcodelo    000000  __Hintentry     intentry     000004
__Hintret       intret       000004  __Hintsave_regs intsave_regs 000100
__Hirdata       irdata       000004  __Hmediumconst  mediumconst  000600
__Hnvbit        nvbit        000000  __Hnvram        nvram        000004
__Hnvrram       nvrram       000000  __Hparam        param0       000100
__Hparam0       param0       000100  __Hparam1       param1       000004
__Hparam2       param2       000004  __Hparam3       param3       000004
__Hparam4       param4       000004  __Hparam5       param5       000004
__Hpowerup      powerup      000000  __Hramtop       ramtop       000600
__Hrbit         rbit         000000  __Hrbss         rbss         000000
__Hrdata        rdata        000000  __Hreset_vec    reset_vec    000000
__Hrparam       rparam       000004  __Hsmallconst   smallconst   000600
__Hstruct       struct       000000  __Htemp         temp         000000
__Htext         text         000004  __Htext0        text0        000004
__Htext1        text1        000004  __LRAM          (abs)        000001
__Lbigbss       bigbss       000100  __Lbigdata      bigdata      000100
__Lbss          bss          000000  __Lclrtext      clrtext      000004
__Lconfig       config       300000  __Lconst        const        000004
__Ldata         (abs)        000000  __Leeprom_data  eeprom_data  F00000
__Lend_init     end_init     000004  __Lfarbss       farbss       000000
__Lfardata      fardata      000000  __Libigdata     ibigdata     000004
__Lidata        idata        000004  __Lidloc        idloc        200000
__Lifardata     ifardata     000004  __Linit         init         000000
__Lintcode      intcode      000000  __Lintcodelo    intcodelo    000000
__Lintentry     intentry     000004  __Lintret       intret       000004
__Lintsave_regs intsave_regs 000100  __Lirdata       irdata       000004
__Lmediumconst  mediumconst  000600  __Lnvbit        nvbit        000000
__Lnvram        nvram        000004  __Lnvrram       nvrram       000000
__Lparam        param0       0000FC  __Lparam0       param0       0000FC
__Lparam1       param1       000004  __Lparam2       param2       000004
__Lparam3       param3       000004  __Lparam4       param4       000004
__Lparam5       param5       000004  __Lpowerup      powerup      000000
__Lramtop       ramtop       000600  __Lrbit         rbit         000000
__Lrbss         rbss         000000  __Lrdata        rdata        000000
__Lreset_vec    reset_vec    000000  __Lrparam       rparam       000004
__Lsmallconst   smallconst   000600  __Lstruct       struct       000000
__Ltemp         temp         000000  __Ltext         text         000004
__Ltext0        text0        000004  __Ltext1        text1        000004
__S0            (abs)        F00000  __S1            (abs)        000500
__accesstop     (abs)        000060  __activetblptr  (abs)        000000
__end_of_delay  text1        008000  __end_of_main   text0        007F6E
__mediumconst   mediumconst  000600  __ramtop        ramtop       000600
__smallconst    smallconst   000600  _delay          text1        007F6E
_exit           init         000000  _main           text0        007F4A
delay@i         param0       0000FC  delay@j         param0       0000FE
intlevel0       text         000004  intlevel1       text         000004
intlevel2       text         000004  intlevel3       text         000004
start           init         000000  
